
running 1 test
test tests::test_client_server_reliability ... FAILED

failures:

failures:
    tests::test_client_server_reliability

test result: FAILED. 0 passed; 1 failed; 0 ignored; 0 measured; 0 filtered out; finished in 0.12s

